  Determining projects to restore...
  All projects are up-to-date for restore.
  UniThesis.Domain -> C:\Users\Admin\source\repos\UniThesis\UniThesis.Domain\bin\Debug\net8.0\UniThesis.Domain.dll
  UniThesis.Application -> C:\Users\Admin\source\repos\UniThesis\UniThesis.Application\bin\Debug\net8.0\UniThesis.Application.dll
  UniThesis.Persistence -> C:\Users\Admin\source\repos\UniThesis\UniThesis.Persistence\bin\Debug\net8.0\UniThesis.Persistence.dll
C:\Users\Admin\source\repos\UniThesis\UniThesis.Infrastructure\BackgroundJobs\Jobs\SemesterPhaseTransitionJob.cs(12,26): error CS0104: 'IDateTimeService' is an ambiguous reference between 'UniThesis.Application.Common.Interfaces.IDateTimeService' and 'UniThesis.Domain.Common.Interfaces.IDateTimeService' [C:\Users\Admin\source\repos\UniThesis\UniThesis.Infrastructure\UniThesis.Infrastructure.csproj]
C:\Users\Admin\source\repos\UniThesis\UniThesis.Infrastructure\BackgroundJobs\Jobs\SemesterPhaseTransitionJob.cs(18,13): error CS0104: 'IDateTimeService' is an ambiguous reference between 'UniThesis.Application.Common.Interfaces.IDateTimeService' and 'UniThesis.Domain.Common.Interfaces.IDateTimeService' [C:\Users\Admin\source\repos\UniThesis\UniThesis.Infrastructure\UniThesis.Infrastructure.csproj]

Build FAILED.

C:\Users\Admin\source\repos\UniThesis\UniThesis.Infrastructure\BackgroundJobs\Jobs\SemesterPhaseTransitionJob.cs(12,26): error CS0104: 'IDateTimeService' is an ambiguous reference between 'UniThesis.Application.Common.Interfaces.IDateTimeService' and 'UniThesis.Domain.Common.Interfaces.IDateTimeService' [C:\Users\Admin\source\repos\UniThesis\UniThesis.Infrastructure\UniThesis.Infrastructure.csproj]
C:\Users\Admin\source\repos\UniThesis\UniThesis.Infrastructure\BackgroundJobs\Jobs\SemesterPhaseTransitionJob.cs(18,13): error CS0104: 'IDateTimeService' is an ambiguous reference between 'UniThesis.Application.Common.Interfaces.IDateTimeService' and 'UniThesis.Domain.Common.Interfaces.IDateTimeService' [C:\Users\Admin\source\repos\UniThesis\UniThesis.Infrastructure\UniThesis.Infrastructure.csproj]
    0 Warning(s)
    2 Error(s)

Time Elapsed 00:00:01.67

Workload updates are available. Run `dotnet workload list` for more information.
